alexd@AlexPW11 MINGW64 /d/WorkTable/Curso/GitHub_Pontia/Practica_Pontia_03 (main)
$ git checkout -b feature/gitignore
Switched to a new branch 'feature/gitignore'

alexd@AlexPW11 MINGW64 /d/WorkTable/Curso/GitHub_Pontia/Practica_Pontia_03 (feature/gitignore)
$ mkdir __pycache__

alexd@AlexPW11 MINGW64 /d/WorkTable/Curso/GitHub_Pontia/Practica_Pontia_03 (feature/gitignore)
$ ls
Prueba.log  README.md  __pycache__/  evidencias/

alexd@AlexPW11 MINGW64 /d/WorkTable/Curso/GitHub_Pontia/Practica_Pontia_03 (feature/gitignore)
$ git status
On branch feature/gitignore
Untracked files:
  (use "git add <file>..." to include in what will be committed)
        .gitignore

nothing added to commit but untracked files present (use "git add" to track)

alexd@AlexPW11 MINGW64 /d/WorkTable/Curso/GitHub_Pontia/Practica_Pontia_03 (feature/gitignore)
$
